1. INSTRUMENT CHECK -- does the integrator reproduce Gamma(alpha, theta)?
    alpha   theta |      mean     exact |       var     exact |     CV 1/sqrt(a) |    KS p
     0.50  0.6667 |   0.33875   0.33333 |   0.22332   0.22222 |  1.395     1.414 |  0.5371
     1.00  0.5000 |   0.49866   0.50000 |   0.24976   0.25000 |  1.002     1.000 |  0.1620
     2.00  0.3333 |   0.66892   0.66667 |   0.22335   0.22222 |  0.707     0.707 |  0.6951
     4.00  0.2000 |   0.79987   0.80000 |   0.15970   0.16000 |  0.500     0.500 |  0.2020
   -> PASS: the integrator may be used below.

2. THEIR BOUNDARY CLAIM -- <N_<> = S * gammainc(alpha, alpha/S)
           S |      a=0.8        a=1.0      a=1.2
          10 |     1.3741  0.951625820   0.667928
         100 |     2.2480  0.995016625   0.446759
        1000 |     3.5743  0.999500167   0.283550
      100000 |     8.9814  0.999995000   0.112956
    10000000 |    22.5602  0.999999950   0.044969
   1000000000 |    56.6687  1.000000000   0.017903
   alpha=1, S=1e9: expm1 0.999999999500 | 1-1/(2S) 0.999999999500 | naive 1-exp() 0.999999971718 <- cancellation, not maths
   -> confirmed: the limit is 1, approached from BELOW as 1 - 1/(2S).

3. DETECTION LIMIT of alpha-hat = 1/CV^2 (this is not in the paper)
   fraction of single series misclassified across the SC/QE line (alpha=1)
    alpha   tau |     T=20     T=50    T=100    T=200    T=500   T=1000
     0.50  3.00 |    0.329    0.134    0.047    0.008    0.000    0.000
     0.80  2.25 |    0.569    0.409    0.304    0.204    0.067    0.015
     0.90  2.11 |    0.625    0.525    0.438    0.359    0.235    0.141
     1.25  1.80 |    0.195    0.207    0.172    0.116    0.043    0.009
     2.00  1.50 |    0.043    0.016    0.002    0.000    0.000    0.000
   (T is the number of time units observed, sampled once per unit.)

   median alpha-hat -- is the error DIRECTIONAL?
    alpha       |     T=20     T=50    T=100    T=200    T=500   T=1000
     0.50       |    0.759    0.584    0.538    0.519    0.504    0.503
     0.80       |    1.105    0.908    0.851    0.824    0.808    0.799
     0.90       |    1.197    1.025    0.957    0.920    0.904    0.900
     1.25       |    1.582    1.369    1.302    1.272    1.256    1.241
     2.00       |    2.428    2.165    2.088    2.037    1.999    1.985
